Godot Engine v4.6.2.stable.official.71f334935 - https://godotengine.org

Godot_v4.6.2-stable_win64_console.exe : SCRIPT ERROR: Parse Error: Cannot infer the type of "key" variable because the 
value doesn't have a set type.
At line:1 char:1
+ & "E:\VietStage\Godot_v4.6.2-stable_win64.exe\Godot_v4.6.2-stable_win ...
+ ~~~~~~~~~~~~~~~~~~~~~~~~~~~~~~~~~~~~~~~~~~~~~~~~~~~~~~~~~~~~~~~~~~~~~
    + CategoryInfo          : NotSpecified: (SCRIPT ERROR: P...ave a set type.:String) [], RemoteException
    + FullyQualifiedErrorId : NativeCommandError
 
   at: GDScript::reload (res://scripts/ui/GameShellUI.gd:414)
SCRIPT ERROR: Parse Error: Cannot infer the type of "y" variable because the value doesn't have a set type.
   at: GDScript::reload (res://scripts/ui/GameShellUI.gd:819)
SCRIPT ERROR: Parse Error: Cannot infer the type of "r" variable because the value doesn't have a set type.
   at: GDScript::reload (res://scripts/ui/GameShellUI.gd:1105)
SCRIPT ERROR: Parse Error: The variable type is being inferred from a Variant value, so it will be typed as Variant. 
(Warning treated as error.)
   at: GDScript::reload (res://scripts/ui/GameShellUI.gd:818)
SCRIPT ERROR: Parse Error: Cannot infer the type of "arrow_x" variable because the value doesn't have a set type.
   at: GDScript::reload (res://scripts/ui/PracticeUI.gd:422)
SCRIPT ERROR: Parse Error: Cannot infer the type of "radius" variable because the value doesn't have a set type.
   at: GDScript::reload (res://scripts/ui/PracticeUI.gd:442)
SCRIPT ERROR: Parse Error: The variable type is being inferred from a Variant value, so it will be typed as Variant. 
(Warning treated as error.)
   at: GDScript::reload (res://scripts/ui/PracticeUI.gd:421)
SCRIPT ERROR: Compile Error: Failed to compile depended scripts.
   at: GDScript::reload (res://scripts/levels/VirtualClassroom.gd:0)
ERROR: Failed to load script "res://scripts/levels/VirtualClassroom.gd" with error "Compilation failed".
   at: load (modules/gdscript/gdscript.cpp:2907)
WARNING: res://scenes/virtual_artist/VirtualArtist.tscn:4 - ext_resource, invalid UID: uid://c8fid1s7syau2 - using 
text path instead: res://assets/images/artist_dan_tranh.png
   at: load (scene/resources/resource_format_text.cpp:500)
ERROR: Failed loading resource: res://assets/images/artist_dan_tranh.png.
   at: _load (core/io/resource_loader.cpp:343)
ERROR: res://scenes/virtual_artist/VirtualArtist.tscn:22 - Parse Error: [ext_resource] referenced non-existent 
resource at: res://assets/images/artist_dan_tranh.png.
   at: _printerr (scene/resources/resource_format_text.cpp:40)
ERROR: No loader found for resource: res://scripts/ui/MiniGameUI.gd (expected type: PackedScene)
   at: _load (core/io/resource_loader.cpp:358)
ERROR: res://scenes/levels/VirtualClassroom.tscn:53 - Parse Error: [ext_resource] referenced non-existent resource at: 
res://scripts/ui/MiniGameUI.gd.
   at: _printerr (scene/resources/resource_format_text.cpp:40)
WARNING: res://scenes/levels/VirtualClassroom.tscn: A node in the scene this one inherits from has been removed or 
moved, so a recovery process needs to take place. Please re-save this scene to avoid the cost of this process next 
time.
   at: instantiate (scene/resources/packed_scene.cpp:290)
WARNING: Node 'CanvasLayer/MiniGameUI' was modified from inside an instance, but it has vanished.
   at: instantiate (scene/resources/packed_scene.cpp:310)
SCRIPT ERROR: Trying to assign value of type 'Control' to a variable of type 'GameShellUI.gd'.
   at: VirtualClassroom.@implicit_ready (res://scripts/levels/VirtualClassroom.gd:11)
   GDScript backtrace (most recent call first):
       [0] @implicit_ready (res://scripts/levels/VirtualClassroom.gd:11)
SCRIPT ERROR: Invalid access to property or key 'request_enter_room' on a base object of type 'Nil'.
   at: VirtualClassroom._wire_signals (res://scripts/levels/VirtualClassroom.gd:106)
   GDScript backtrace (most recent call first):
       [0] _wire_signals (res://scripts/levels/VirtualClassroom.gd:106)
       [1] _ready (res://scripts/levels/VirtualClassroom.gd:92)
SCRIPT ERROR: Invalid call. Nonexistent function 'configure' in base 'Nil'.
   at: VirtualClassroom._ready (res://scripts/levels/VirtualClassroom.gd:94)
   GDScript backtrace (most recent call first):
       [0] _ready (res://scripts/levels/VirtualClassroom.gd:94)
ERROR: Invalid polygon data, triangulation failed.
   at: canvas_item_add_polygon (servers/rendering/renderer_canvas_cull.cpp:1727)
   GDScript backtrace (most recent call first):
       [0] _draw_foreground_depth (res://scripts/levels/ClassroomDecor.gd:165)
       [1] _draw (res://scripts/levels/ClassroomDecor.gd:34)
